// Jest Snapshot v1, https://goo.gl/fbAQLP

exports[`Staff renders correctly 1`] = `
<styled.div>
  <div
    className="header"
  >
    <h1>
      Staff
    </h1>
    <ButtonLink
      to="/admin/staff/new"
      white={false}
    >
      Invite Staff
    </ButtonLink>
  </div>
  <label>
    Name & Email
  </label>
  <Panel>
    <p>
      STUFF HERE
    </p>
    <Button
      white={false}
    >
      Edit
    </Button>
  </Panel>
  <Switch>
    <Route
      component={[Function]}
      path="/admin/staff/new"
    />
  </Switch>
</styled.div>
`;
