// Jest Snapshot v1, https://goo.gl/fbAQLP

exports[`Request renders correctly 1`] = `
<styled.div
  status="NEEDS_ASSISTANCE"
>
  <Panel
    className="container"
  >
    <Flex
      alignItems="center"
      justifyContent="space-between"
      theme={
        Object {
          "breakpoints": Array [
            "40em",
            "52em",
            "64em",
          ],
          "fontSizes": Array [
            12,
            14,
            16,
            20,
            24,
            32,
            48,
            64,
            96,
            128,
          ],
          "space": Array [
            0,
            4,
            8,
            16,
            32,
            64,
            128,
            256,
            512,
          ],
        }
      }
    >
      <Status
        color="#F73833"
      >
        Needs assistance
      </Status>
      <DateDisplay
        date={"2018-06-07T05:00:00.000Z"}
      />
    </Flex>
    <styled.div>
      I need help
    </styled.div>
  </Panel>
</styled.div>
`;
