// Jest Snapshot v1, https://goo.gl/fbAQLP

exports[`GoalList.tsx displays a list of goals 1`] = `
<div>
  <Styled(Goal)
    index={0}
    key="goal-0"
    onEdit={[MockFunction]}
    text="goal 1"
  />
  <Styled(Goal)
    index={1}
    key="goal-1"
    onEdit={[MockFunction]}
    text="goal 2"
  />
  <Styled(Goal)
    index={2}
    key="goal-2"
    onEdit={[MockFunction]}
    text="goal 3"
  />
</div>
`;
