// Jest Snapshot v1, https://goo.gl/fbAQLP

exports[`ViewGoalList.tsx renders correctly 1`] = `
<Box
  p={4}
  theme={
    Object {
      "breakpoints": Array [
        "40em",
        "52em",
        "64em",
      ],
      "fontSizes": Array [
        12,
        14,
        16,
        20,
        24,
        32,
        48,
        64,
        96,
        128,
      ],
      "space": Array [
        0,
        4,
        8,
        16,
        32,
        64,
        128,
        256,
        512,
      ],
    }
  }
  width={1}
>
  <Component
    goals={
      Array [
        Object {
          "text": "first goal",
        },
        Object {
          "text": "second goal",
        },
      ]
    }
  />
</Box>
`;
